577.394568.2121702.72
567.736
567.534
